cmp/dataset_description.json
cmp/sub-01/ses-01/anat/sub-01_ses-01_desc-aparcaseg_dseg.nii.gz
cmp/sub-01/ses-01/anat/sub-01_ses-01_desc-brain_mask.nii.gz
cmp/sub-01/ses-01/anat/sub-01_ses-01_desc-brain_T1w.nii.gz
cmp/sub-01/ses-01/anat/sub-01_ses-01_desc-cmp_T1w.json
cmp/sub-01/ses-01/anat/sub-01_ses-01_desc-cmp_T1w.nii.gz
cmp/sub-01/ses-01/anat/sub-01_ses-01_desc-head_T1w.nii.gz
cmp/sub-01/ses-01/anat/sub-01_ses-01_label-brain_desc-eroded_dseg.nii.gz
cmp/sub-01/ses-01/anat/sub-01_ses-01_label-CSF_desc-eroded_dseg.nii.gz
cmp/sub-01/ses-01/anat/sub-01_ses-01_label-CSF_dseg.nii.gz
cmp/sub-01/ses-01/anat/sub-01_ses-01_label-Desikan_atlas.graphml
cmp/sub-01/ses-01/anat/sub-01_ses-01_label-Desikan_atlas.nii.gz
cmp/sub-01/ses-01/anat/sub-01_ses-01_label-Desikan_FreeSurferColorLUT.txt
cmp/sub-01/ses-01/anat/sub-01_ses-01_label-Desikan_stats.tsv
cmp/sub-01/ses-01/anat/sub-01_ses-01_label-GM_dseg.nii.gz
cmp/sub-01/ses-01/anat/sub-01_ses-01_label-WM_desc-eroded_dseg.nii.gz
cmp/sub-01/ses-01/anat/sub-01_ses-01_label-WM_dseg.nii.gz
cmp/sub-01/ses-01/sub-01_ses-01_anatomical_config.json
freesurfer/dataset_description.json
freesurfer/sub-01_ses-01/label/aparc.annot.a2009s.ctab
freesurfer/sub-01_ses-01/label/aparc.annot.ctab
freesurfer/sub-01_ses-01/label/aparc.annot.DKTatlas.ctab
freesurfer/sub-01_ses-01/label/BA_exvivo.ctab
freesurfer/sub-01_ses-01/label/BA_exvivo.thresh.ctab
freesurfer/sub-01_ses-01/label/lh.aparc.a2009s.annot
freesurfer/sub-01_ses-01/label/lh.aparc.annot
freesurfer/sub-01_ses-01/label/lh.aparc.DKTatlas.annot
freesurfer/sub-01_ses-01/label/lh.BA1_exvivo.label
freesurfer/sub-01_ses-01/label/lh.BA1_exvivo.thresh.label
freesurfer/sub-01_ses-01/label/lh.BA2_exvivo.label
freesurfer/sub-01_ses-01/label/lh.BA2_exvivo.thresh.label
freesurfer/sub-01_ses-01/label/lh.BA3a_exvivo.label
freesurfer/sub-01_ses-01/label/lh.BA3a_exvivo.thresh.label
freesurfer/sub-01_ses-01/label/lh.BA3b_exvivo.label
freesurfer/sub-01_ses-01/label/lh.BA3b_exvivo.thresh.label
freesurfer/sub-01_ses-01/label/lh.BA44_exvivo.label
freesurfer/sub-01_ses-01/label/lh.BA44_exvivo.thresh.label
freesurfer/sub-01_ses-01/label/lh.BA45_exvivo.label
freesurfer/sub-01_ses-01/label/lh.BA45_exvivo.thresh.label
freesurfer/sub-01_ses-01/label/lh.BA4a_exvivo.label
freesurfer/sub-01_ses-01/label/lh.BA4a_exvivo.thresh.label
freesurfer/sub-01_ses-01/label/lh.BA4p_exvivo.label
freesurfer/sub-01_ses-01/label/lh.BA4p_exvivo.thresh.label
freesurfer/sub-01_ses-01/label/lh.BA6_exvivo.label
freesurfer/sub-01_ses-01/label/lh.BA6_exvivo.thresh.label
freesurfer/sub-01_ses-01/label/lh.BA_exvivo.annot
freesurfer/sub-01_ses-01/label/lh.BA_exvivo.thresh.annot
freesurfer/sub-01_ses-01/label/lh.cortex.label
freesurfer/sub-01_ses-01/label/lh.entorhinal_exvivo.label
freesurfer/sub-01_ses-01/label/lh.entorhinal_exvivo.thresh.label
freesurfer/sub-01_ses-01/label/lh.lausanne2008.scale1.annot
freesurfer/sub-01_ses-01/label/lh.lausanne2008.scale2.annot
freesurfer/sub-01_ses-01/label/lh.lausanne2008.scale3.annot
freesurfer/sub-01_ses-01/label/lh.lausanne2008.scale4.annot
freesurfer/sub-01_ses-01/label/lh.lausanne2008.scale5.annot
freesurfer/sub-01_ses-01/label/lh.MT_exvivo.label
freesurfer/sub-01_ses-01/label/lh.MT_exvivo.thresh.label
freesurfer/sub-01_ses-01/label/lh.perirhinal_exvivo.label
freesurfer/sub-01_ses-01/label/lh.perirhinal_exvivo.thresh.label
freesurfer/sub-01_ses-01/label/lh.V1_exvivo.label
freesurfer/sub-01_ses-01/label/lh.V1_exvivo.thresh.label
freesurfer/sub-01_ses-01/label/lh.V2_exvivo.label
freesurfer/sub-01_ses-01/label/lh.V2_exvivo.thresh.label
freesurfer/sub-01_ses-01/label/rh.aparc.a2009s.annot
freesurfer/sub-01_ses-01/label/rh.aparc.annot
freesurfer/sub-01_ses-01/label/rh.aparc.DKTatlas.annot
freesurfer/sub-01_ses-01/label/rh.BA1_exvivo.label
freesurfer/sub-01_ses-01/label/rh.BA1_exvivo.thresh.label
freesurfer/sub-01_ses-01/label/rh.BA2_exvivo.label
freesurfer/sub-01_ses-01/label/rh.BA2_exvivo.thresh.label
freesurfer/sub-01_ses-01/label/rh.BA3a_exvivo.label
freesurfer/sub-01_ses-01/label/rh.BA3a_exvivo.thresh.label
freesurfer/sub-01_ses-01/label/rh.BA3b_exvivo.label
freesurfer/sub-01_ses-01/label/rh.BA3b_exvivo.thresh.label
freesurfer/sub-01_ses-01/label/rh.BA44_exvivo.label
freesurfer/sub-01_ses-01/label/rh.BA44_exvivo.thresh.label
freesurfer/sub-01_ses-01/label/rh.BA45_exvivo.label
freesurfer/sub-01_ses-01/label/rh.BA45_exvivo.thresh.label
freesurfer/sub-01_ses-01/label/rh.BA4a_exvivo.label
freesurfer/sub-01_ses-01/label/rh.BA4a_exvivo.thresh.label
freesurfer/sub-01_ses-01/label/rh.BA4p_exvivo.label
freesurfer/sub-01_ses-01/label/rh.BA4p_exvivo.thresh.label
freesurfer/sub-01_ses-01/label/rh.BA6_exvivo.label
freesurfer/sub-01_ses-01/label/rh.BA6_exvivo.thresh.label
freesurfer/sub-01_ses-01/label/rh.BA_exvivo.annot
freesurfer/sub-01_ses-01/label/rh.BA_exvivo.thresh.annot
freesurfer/sub-01_ses-01/label/rh.cortex.label
freesurfer/sub-01_ses-01/label/rh.entorhinal_exvivo.label
freesurfer/sub-01_ses-01/label/rh.entorhinal_exvivo.thresh.label
freesurfer/sub-01_ses-01/label/rh.lausanne2008.scale1.annot
freesurfer/sub-01_ses-01/label/rh.lausanne2008.scale2.annot
freesurfer/sub-01_ses-01/label/rh.lausanne2008.scale3.annot
freesurfer/sub-01_ses-01/label/rh.lausanne2008.scale4.annot
freesurfer/sub-01_ses-01/label/rh.lausanne2008.scale5.annot
freesurfer/sub-01_ses-01/label/rh.MT_exvivo.label
freesurfer/sub-01_ses-01/label/rh.MT_exvivo.thresh.label
freesurfer/sub-01_ses-01/label/rh.perirhinal_exvivo.label
freesurfer/sub-01_ses-01/label/rh.perirhinal_exvivo.thresh.label
freesurfer/sub-01_ses-01/label/rh.V1_exvivo.label
freesurfer/sub-01_ses-01/label/rh.V1_exvivo.thresh.label
freesurfer/sub-01_ses-01/label/rh.V2_exvivo.label
freesurfer/sub-01_ses-01/label/rh.V2_exvivo.thresh.label
freesurfer/sub-01_ses-01/label/T1w_class-GM.nii.gz
freesurfer/sub-01_ses-01/mri/aparc.a2009s+aseg.mgz
freesurfer/sub-01_ses-01/mri/aparc+aseg.mgz
freesurfer/sub-01_ses-01/mri/aparc+aseg.nii.gz
freesurfer/sub-01_ses-01/mri/aparc.DKTatlas+aseg.mgz
freesurfer/sub-01_ses-01/mri/aseg.auto.mgz
freesurfer/sub-01_ses-01/mri/aseg.auto_noCCseg.label_intensities.txt
freesurfer/sub-01_ses-01/mri/aseg.auto_noCCseg.mgz
freesurfer/sub-01_ses-01/mri/aseg.mgz
freesurfer/sub-01_ses-01/mri/aseg.nii.gz
freesurfer/sub-01_ses-01/mri/aseg.presurf.hypos.mgz
freesurfer/sub-01_ses-01/mri/aseg.presurf.mgz
freesurfer/sub-01_ses-01/mri/brain.finalsurfs.mgz
freesurfer/sub-01_ses-01/mri/brainmask.auto.mgz
freesurfer/sub-01_ses-01/mri/brainmask_eroded.nii.gz
freesurfer/sub-01_ses-01/mri/brainmask.mgz
freesurfer/sub-01_ses-01/mri/brainmask.nii.gz
freesurfer/sub-01_ses-01/mri/brain.mgz
freesurfer/sub-01_ses-01/mri/brain.nii.gz
freesurfer/sub-01_ses-01/mri/brainstemSsLabels.v10.FSvoxelSpace.mgz
freesurfer/sub-01_ses-01/mri/brainstemSsLabels.v10.mgz
freesurfer/sub-01_ses-01/mri/brainstemSsVolumes.v10.txt
freesurfer/sub-01_ses-01/mri/csf_mask_eroded.nii.gz
freesurfer/sub-01_ses-01/mri/csf_mask.nii.gz
freesurfer/sub-01_ses-01/mri/ctrl_pts.mgz
freesurfer/sub-01_ses-01/mri/filled.mgz
freesurfer/sub-01_ses-01/mri/freesurferaparc/ROIv_HR_th.nii.gz
freesurfer/sub-01_ses-01/mri/fsmask_1mm_eroded.nii.gz
freesurfer/sub-01_ses-01/mri/fsmask_1mm.nii.gz
freesurfer/sub-01_ses-01/mri/gmmask.nii.gz
freesurfer/sub-01_ses-01/mri/lh.hippoSfLabels-T1.v10.FSvoxelSpace.mgz
freesurfer/sub-01_ses-01/mri/lh.hippoSfLabels-T1.v10.mgz
freesurfer/sub-01_ses-01/mri/lh.hippoSfVolumes-T1.v10.txt
freesurfer/sub-01_ses-01/mri/lh.ribbon.mgz
freesurfer/sub-01_ses-01/mri/mri_nu_correct.mni.log
freesurfer/sub-01_ses-01/mri/mri_nu_correct.mni.log.bak
freesurfer/sub-01_ses-01/mri/norm.mgz
freesurfer/sub-01_ses-01/mri/nu.mgz
freesurfer/sub-01_ses-01/mri/orig.mgz
freesurfer/sub-01_ses-01/mri/orig_nu.mgz
freesurfer/sub-01_ses-01/mri/rawavg.mgz
freesurfer/sub-01_ses-01/mri/rh.hippoSfLabels-T1.v10.FSvoxelSpace.mgz
freesurfer/sub-01_ses-01/mri/rh.hippoSfLabels-T1.v10.mgz
freesurfer/sub-01_ses-01/mri/rh.hippoSfVolumes-T1.v10.txt
freesurfer/sub-01_ses-01/mri/rh.ribbon.mgz
freesurfer/sub-01_ses-01/mri/ribbon.mgz
freesurfer/sub-01_ses-01/mri/ribbon.nii.gz
freesurfer/sub-01_ses-01/mri/ROI_scale1_Lausanne2018.nii.gz
freesurfer/sub-01_ses-01/mri/ROI_scale2_Lausanne2018.nii.gz
freesurfer/sub-01_ses-01/mri/ROI_scale3_Lausanne2018.nii.gz
freesurfer/sub-01_ses-01/mri/ROI_scale4_Lausanne2018.nii.gz
freesurfer/sub-01_ses-01/mri/ROI_scale5_Lausanne2018.nii.gz
freesurfer/sub-01_ses-01/mri/ROIv_freesurferaparc.nii.gz
freesurfer/sub-01_ses-01/mri/ROIv_scale1_Lausanne2018.nii.gz
freesurfer/sub-01_ses-01/mri/ROIv_scale1_Lausanne2018.ni.mgz
freesurfer/sub-01_ses-01/mri/ROIv_scale2_Lausanne2018.nii.gz
freesurfer/sub-01_ses-01/mri/ROIv_scale2_Lausanne2018.ni.mgz
freesurfer/sub-01_ses-01/mri/ROIv_scale3_Lausanne2018.nii.gz
freesurfer/sub-01_ses-01/mri/ROIv_scale3_Lausanne2018.ni.mgz
freesurfer/sub-01_ses-01/mri/ROIv_scale4_Lausanne2018.nii.gz
freesurfer/sub-01_ses-01/mri/ROIv_scale4_Lausanne2018.ni.mgz
freesurfer/sub-01_ses-01/mri/ROIv_scale5_Lausanne2018.nii.gz
freesurfer/sub-01_ses-01/mri/ROIv_scale5_Lausanne2018.ni.mgz
freesurfer/sub-01_ses-01/mri/segment.dat
freesurfer/sub-01_ses-01/mri/T1.mgz
freesurfer/sub-01_ses-01/mri/T1.nii.gz
freesurfer/sub-01_ses-01/mri/talairach.label_intensities.txt
freesurfer/sub-01_ses-01/mri/talairach.log
freesurfer/sub-01_ses-01/mri/talairach_with_skull.log
freesurfer/sub-01_ses-01/mri/transforms/cc_up.lta
freesurfer/sub-01_ses-01/mri/transforms/talairach.auto.xfm
freesurfer/sub-01_ses-01/mri/transforms/talairach.auto.xfm.lta
freesurfer/sub-01_ses-01/mri/transforms/talairach_avi.log
freesurfer/sub-01_ses-01/mri/transforms/talairach_avi_QA.log
freesurfer/sub-01_ses-01/mri/transforms/talairach.lta
freesurfer/sub-01_ses-01/mri/transforms/talairach.m3z
freesurfer/sub-01_ses-01/mri/transforms/talairach_with_skull.lta
freesurfer/sub-01_ses-01/mri/transforms/talairach.xfm
freesurfer/sub-01_ses-01/mri/transforms/talsrcimg_to_711-2C_as_mni_average_305_t4_vox2vox.txt
freesurfer/sub-01_ses-01/mri/wm.asegedit.mgz
freesurfer/sub-01_ses-01/mri/wm.mgz
freesurfer/sub-01_ses-01/mri/wmparc.mgz
freesurfer/sub-01_ses-01/mri/wm.seg.mgz
freesurfer/sub-01_ses-01/scripts/brainstem-structures.log
freesurfer/sub-01_ses-01/scripts/build-stamp.txt
freesurfer/sub-01_ses-01/scripts/hippocampal-subfields-T1.log
freesurfer/sub-01_ses-01/scripts/lastcall.build-stamp.txt
freesurfer/sub-01_ses-01/scripts/patchdir.txt
freesurfer/sub-01_ses-01/scripts/pctsurfcon.log
freesurfer/sub-01_ses-01/scripts/pctsurfcon.log.old
freesurfer/sub-01_ses-01/scripts/ponscc.cut.log
freesurfer/sub-01_ses-01/scripts/recon-all.cmd
freesurfer/sub-01_ses-01/scripts/recon-all.done
freesurfer/sub-01_ses-01/scripts/recon-all.env
freesurfer/sub-01_ses-01/scripts/recon-all.env.bak
freesurfer/sub-01_ses-01/scripts/recon-all.local-copy
freesurfer/sub-01_ses-01/scripts/recon-all.log
freesurfer/sub-01_ses-01/scripts/recon-all-status.log
freesurfer/sub-01_ses-01/stats/aseg.stats
freesurfer/sub-01_ses-01/stats/lh.aparc.a2009s.stats
freesurfer/sub-01_ses-01/stats/lh.aparc.DKTatlas.stats
freesurfer/sub-01_ses-01/stats/lh.aparc.pial.stats
freesurfer/sub-01_ses-01/stats/lh.aparc.stats
freesurfer/sub-01_ses-01/stats/lh.BA_exvivo.stats
freesurfer/sub-01_ses-01/stats/lh.BA_exvivo.thresh.stats
freesurfer/sub-01_ses-01/stats/lh.curv.stats
freesurfer/sub-01_ses-01/stats/lh.w-g.pct.stats
freesurfer/sub-01_ses-01/stats/rh.aparc.a2009s.stats
freesurfer/sub-01_ses-01/stats/rh.aparc.DKTatlas.stats
freesurfer/sub-01_ses-01/stats/rh.aparc.pial.stats
freesurfer/sub-01_ses-01/stats/rh.aparc.stats
freesurfer/sub-01_ses-01/stats/rh.BA_exvivo.stats
freesurfer/sub-01_ses-01/stats/rh.BA_exvivo.thresh.stats
freesurfer/sub-01_ses-01/stats/rh.curv.stats
freesurfer/sub-01_ses-01/stats/rh.w-g.pct.stats
freesurfer/sub-01_ses-01/stats/wmparc.stats
freesurfer/sub-01_ses-01/surf/lh.area
freesurfer/sub-01_ses-01/surf/lh.area.mid
freesurfer/sub-01_ses-01/surf/lh.area.pial
freesurfer/sub-01_ses-01/surf/lh.avg_curv
freesurfer/sub-01_ses-01/surf/lh.curv
freesurfer/sub-01_ses-01/surf/lh.curv.pial
freesurfer/sub-01_ses-01/surf/lh.defect_borders
freesurfer/sub-01_ses-01/surf/lh.defect_chull
freesurfer/sub-01_ses-01/surf/lh.defect_labels
freesurfer/sub-01_ses-01/surf/lh.inflated
freesurfer/sub-01_ses-01/surf/lh.inflated.H
freesurfer/sub-01_ses-01/surf/lh.inflated.K
freesurfer/sub-01_ses-01/surf/lh.inflated.nofix
freesurfer/sub-01_ses-01/surf/lh.jacobian_white
freesurfer/sub-01_ses-01/surf/lh.orig
freesurfer/sub-01_ses-01/surf/lh.orig.nofix
freesurfer/sub-01_ses-01/surf/lh.pial
freesurfer/sub-01_ses-01/surf/lh.qsphere.nofix
freesurfer/sub-01_ses-01/surf/lh.smoothwm
freesurfer/sub-01_ses-01/surf/lh.smoothwm.BE.crv
freesurfer/sub-01_ses-01/surf/lh.smoothwm.C.crv
freesurfer/sub-01_ses-01/surf/lh.smoothwm.FI.crv
freesurfer/sub-01_ses-01/surf/lh.smoothwm.H.crv
freesurfer/sub-01_ses-01/surf/lh.smoothwm.K1.crv
freesurfer/sub-01_ses-01/surf/lh.smoothwm.K2.crv
freesurfer/sub-01_ses-01/surf/lh.smoothwm.K.crv
freesurfer/sub-01_ses-01/surf/lh.smoothwm.nofix
freesurfer/sub-01_ses-01/surf/lh.smoothwm.S.crv
freesurfer/sub-01_ses-01/surf/lh.sphere
freesurfer/sub-01_ses-01/surf/lh.sphere.reg
freesurfer/sub-01_ses-01/surf/lh.sulc
freesurfer/sub-01_ses-01/surf/lh.thickness
freesurfer/sub-01_ses-01/surf/lh.volume
freesurfer/sub-01_ses-01/surf/lh.w-g.pct.mgh
freesurfer/sub-01_ses-01/surf/lh.white
freesurfer/sub-01_ses-01/surf/lh.white.H
freesurfer/sub-01_ses-01/surf/lh.white.K
freesurfer/sub-01_ses-01/surf/lh.white.preaparc
freesurfer/sub-01_ses-01/surf/lh.white.preaparc.H
freesurfer/sub-01_ses-01/surf/lh.white.preaparc.K
freesurfer/sub-01_ses-01/surf/rh.area
freesurfer/sub-01_ses-01/surf/rh.area.mid
freesurfer/sub-01_ses-01/surf/rh.area.pial
freesurfer/sub-01_ses-01/surf/rh.avg_curv
freesurfer/sub-01_ses-01/surf/rh.curv
freesurfer/sub-01_ses-01/surf/rh.curv.pial
freesurfer/sub-01_ses-01/surf/rh.defect_borders
freesurfer/sub-01_ses-01/surf/rh.defect_chull
freesurfer/sub-01_ses-01/surf/rh.defect_labels
freesurfer/sub-01_ses-01/surf/rh.inflated
freesurfer/sub-01_ses-01/surf/rh.inflated.H
freesurfer/sub-01_ses-01/surf/rh.inflated.K
freesurfer/sub-01_ses-01/surf/rh.inflated.nofix
freesurfer/sub-01_ses-01/surf/rh.jacobian_white
freesurfer/sub-01_ses-01/surf/rh.orig
freesurfer/sub-01_ses-01/surf/rh.orig.nofix
freesurfer/sub-01_ses-01/surf/rh.pial
freesurfer/sub-01_ses-01/surf/rh.qsphere.nofix
freesurfer/sub-01_ses-01/surf/rh.smoothwm
freesurfer/sub-01_ses-01/surf/rh.smoothwm.BE.crv
freesurfer/sub-01_ses-01/surf/rh.smoothwm.C.crv
freesurfer/sub-01_ses-01/surf/rh.smoothwm.FI.crv
freesurfer/sub-01_ses-01/surf/rh.smoothwm.H.crv
freesurfer/sub-01_ses-01/surf/rh.smoothwm.K1.crv
freesurfer/sub-01_ses-01/surf/rh.smoothwm.K2.crv
freesurfer/sub-01_ses-01/surf/rh.smoothwm.K.crv
freesurfer/sub-01_ses-01/surf/rh.smoothwm.nofix
freesurfer/sub-01_ses-01/surf/rh.smoothwm.S.crv
freesurfer/sub-01_ses-01/surf/rh.sphere
freesurfer/sub-01_ses-01/surf/rh.sphere.reg
freesurfer/sub-01_ses-01/surf/rh.sulc
freesurfer/sub-01_ses-01/surf/rh.thickness
freesurfer/sub-01_ses-01/surf/rh.volume
freesurfer/sub-01_ses-01/surf/rh.w-g.pct.mgh
freesurfer/sub-01_ses-01/surf/rh.white
freesurfer/sub-01_ses-01/surf/rh.white.H
freesurfer/sub-01_ses-01/surf/rh.white.K
freesurfer/sub-01_ses-01/surf/rh.white.preaparc
freesurfer/sub-01_ses-01/surf/rh.white.preaparc.H
freesurfer/sub-01_ses-01/surf/rh.white.preaparc.K
freesurfer/sub-01_ses-01/tmp/aparc+aseg.Lausanne2018.native.nii.gz
freesurfer/sub-01_ses-01/tmp/aparc+aseg.mgz
freesurfer/sub-01_ses-01/tmp/aparc+aseg.native.nii.gz
freesurfer/sub-01_ses-01/tmp/aparc+aseg.nii.gz
freesurfer/sub-01_ses-01/tmp/aparc-thal.lh.native.nii.gz
freesurfer/sub-01_ses-01/tmp/aparc-thal.rh.native.nii.gz
freesurfer/sub-01_ses-01/tmp/ROI_scale1_Lausanne2018.nii.gz
freesurfer/sub-01_ses-01/tmp/ROI_scale2_Lausanne2018.nii.gz
freesurfer/sub-01_ses-01/tmp/ROI_scale3_Lausanne2018.nii.gz
freesurfer/sub-01_ses-01/tmp/ROI_scale4_Lausanne2018.nii.gz
freesurfer/sub-01_ses-01/tmp/ROI_scale5_Lausanne2018.nii.gz
freesurfer/sub-01_ses-01/touch/aparc.a2009s2aseg.touch
freesurfer/sub-01_ses-01/touch/aparc.DKTatlas2aseg.touch
freesurfer/sub-01_ses-01/touch/apas2aseg.touch
freesurfer/sub-01_ses-01/touch/asegmerge.touch
freesurfer/sub-01_ses-01/touch/brainstem-structures.touch
freesurfer/sub-01_ses-01/touch/ca_label.touch
freesurfer/sub-01_ses-01/touch/ca_normalize.touch
freesurfer/sub-01_ses-01/touch/ca_register.touch
freesurfer/sub-01_ses-01/touch/conform.touch
freesurfer/sub-01_ses-01/touch/cortical_ribbon.touch
freesurfer/sub-01_ses-01/touch/em_register.touch
freesurfer/sub-01_ses-01/touch/fill.touch
freesurfer/sub-01_ses-01/touch/hippo-subfields-T1.touch
freesurfer/sub-01_ses-01/touch/inorm1.touch
freesurfer/sub-01_ses-01/touch/inorm2.touch
freesurfer/sub-01_ses-01/touch/lh.aparc2.touch
freesurfer/sub-01_ses-01/touch/lh.aparcstats2.touch
freesurfer/sub-01_ses-01/touch/lh.aparcstats3.touch
freesurfer/sub-01_ses-01/touch/lh.aparcstats.touch
freesurfer/sub-01_ses-01/touch/lh.aparc.touch
freesurfer/sub-01_ses-01/touch/lh.avgcurv.touch
freesurfer/sub-01_ses-01/touch/lh.curvstats.touch
freesurfer/sub-01_ses-01/touch/lh.final_surfaces.touch
freesurfer/sub-01_ses-01/touch/lh.inflate1.touch
freesurfer/sub-01_ses-01/touch/lh.inflate2.touch
freesurfer/sub-01_ses-01/touch/lh.inflate.H.K.touch
freesurfer/sub-01_ses-01/touch/lh.jacobian_white.touch
freesurfer/sub-01_ses-01/touch/lh.pctsurfcon.touch
freesurfer/sub-01_ses-01/touch/lh.pial_surface.touch
freesurfer/sub-01_ses-01/touch/lh.qsphere.touch
freesurfer/sub-01_ses-01/touch/lh.smoothwm1.touch
freesurfer/sub-01_ses-01/touch/lh.smoothwm2.touch
freesurfer/sub-01_ses-01/touch/lh.sphmorph.touch
freesurfer/sub-01_ses-01/touch/lh.sphreg.touch
freesurfer/sub-01_ses-01/touch/lh.surfvolume.touch
freesurfer/sub-01_ses-01/touch/lh.tessellate.touch
freesurfer/sub-01_ses-01/touch/lh.topofix.touch
freesurfer/sub-01_ses-01/touch/lh.white.H.K.touch
freesurfer/sub-01_ses-01/touch/lh.white_surface.touch
freesurfer/sub-01_ses-01/touch/nu.touch
freesurfer/sub-01_ses-01/touch/relabelhypos.touch
freesurfer/sub-01_ses-01/touch/rh.aparc2.touch
freesurfer/sub-01_ses-01/touch/rh.aparcstats2.touch
freesurfer/sub-01_ses-01/touch/rh.aparcstats3.touch
freesurfer/sub-01_ses-01/touch/rh.aparcstats.touch
freesurfer/sub-01_ses-01/touch/rh.aparc.touch
freesurfer/sub-01_ses-01/touch/rh.avgcurv.touch
freesurfer/sub-01_ses-01/touch/rh.curvstats.touch
freesurfer/sub-01_ses-01/touch/rh.final_surfaces.touch
freesurfer/sub-01_ses-01/touch/rh.inflate1.touch
freesurfer/sub-01_ses-01/touch/rh.inflate2.touch
freesurfer/sub-01_ses-01/touch/rh.inflate.H.K.touch
freesurfer/sub-01_ses-01/touch/rh.jacobian_white.touch
freesurfer/sub-01_ses-01/touch/rh.pctsurfcon.touch
freesurfer/sub-01_ses-01/touch/rh.pial_surface.touch
freesurfer/sub-01_ses-01/touch/rh.qsphere.touch
freesurfer/sub-01_ses-01/touch/rh.smoothwm1.touch
freesurfer/sub-01_ses-01/touch/rh.smoothwm2.touch
freesurfer/sub-01_ses-01/touch/rh.sphmorph.touch
freesurfer/sub-01_ses-01/touch/rh.sphreg.touch
freesurfer/sub-01_ses-01/touch/rh.surfvolume.touch
freesurfer/sub-01_ses-01/touch/rh.tessellate.touch
freesurfer/sub-01_ses-01/touch/rh.topofix.touch
freesurfer/sub-01_ses-01/touch/rh.white.H.K.touch
freesurfer/sub-01_ses-01/touch/rh.white_surface.touch
freesurfer/sub-01_ses-01/touch/rusage.mri_ca_register.dat
freesurfer/sub-01_ses-01/touch/rusage.mri_em_register.dat
freesurfer/sub-01_ses-01/touch/rusage.mri_em_register.skull.dat
freesurfer/sub-01_ses-01/touch/rusage.mris_fix_topology.lh.dat
freesurfer/sub-01_ses-01/touch/rusage.mris_fix_topology.rh.dat
freesurfer/sub-01_ses-01/touch/rusage.mris_inflate.lh.dat
freesurfer/sub-01_ses-01/touch/rusage.mris_inflate.rh.dat
freesurfer/sub-01_ses-01/touch/rusage.mris_register.lh.dat
freesurfer/sub-01_ses-01/touch/rusage.mris_register.rh.dat
freesurfer/sub-01_ses-01/touch/rusage.mris_sphere.lh.dat
freesurfer/sub-01_ses-01/touch/rusage.mris_sphere.rh.dat
freesurfer/sub-01_ses-01/touch/rusage.mri_watershed.dat
freesurfer/sub-01_ses-01/touch/segstats.touch
freesurfer/sub-01_ses-01/touch/skull.lta.touch
freesurfer/sub-01_ses-01/touch/skull_strip.touch
freesurfer/sub-01_ses-01/touch/talairach.touch
freesurfer/sub-01_ses-01/touch/wmaparc.stats.touch
freesurfer/sub-01_ses-01/touch/wmaparc.touch
freesurfer/sub-01_ses-01/touch/wmsegment.touch
nipype/dataset_description.json
nipype/sub-01/ses-01/anatomical_pipeline/anatomical_sinker/_inputs.pklz
nipype/sub-01/ses-01/anatomical_pipeline/anatomical_sinker/_node.pklz
nipype/sub-01/ses-01/anatomical_pipeline/anatomical_sinker/_report/report.rst
nipype/sub-01/ses-01/anatomical_pipeline/anatomical_sinker/result_anatomical_sinker.pklz
nipype/sub-01/ses-01/anatomical_pipeline/d3.js
nipype/sub-01/ses-01/anatomical_pipeline/datasource/_inputs.pklz
nipype/sub-01/ses-01/anatomical_pipeline/datasource/_node.pklz
nipype/sub-01/ses-01/anatomical_pipeline/datasource/_report/report.rst
nipype/sub-01/ses-01/anatomical_pipeline/datasource/result_datasource.pklz
nipype/sub-01/ses-01/anatomical_pipeline/graph1.json
nipype/sub-01/ses-01/anatomical_pipeline/graph.dot
nipype/sub-01/ses-01/anatomical_pipeline/graph.json
nipype/sub-01/ses-01/anatomical_pipeline/graph.svg
nipype/sub-01/ses-01/anatomical_pipeline/index.html
nipype/sub-01/ses-01/anatomical_pipeline/parcellation_stage/computeROIVolumetry/_inputs.pklz
nipype/sub-01/ses-01/anatomical_pipeline/parcellation_stage/computeROIVolumetry/_node.pklz
nipype/sub-01/ses-01/anatomical_pipeline/parcellation_stage/computeROIVolumetry/_report/report.rst
nipype/sub-01/ses-01/anatomical_pipeline/parcellation_stage/computeROIVolumetry/result_computeROIVolumetry.pklz
nipype/sub-01/ses-01/anatomical_pipeline/parcellation_stage/computeROIVolumetry/roi_stats_freesurferaparc.tsv
nipype/sub-01/ses-01/anatomical_pipeline/parcellation_stage/NativeFreesurfer_parcellation/aparc+aseg.native.nii.gz
nipype/sub-01/ses-01/anatomical_pipeline/parcellation_stage/NativeFreesurfer_parcellation/brain_eroded.nii.gz
nipype/sub-01/ses-01/anatomical_pipeline/parcellation_stage/NativeFreesurfer_parcellation/brain_mask.nii.gz
nipype/sub-01/ses-01/anatomical_pipeline/parcellation_stage/NativeFreesurfer_parcellation/brain.nii.gz
nipype/sub-01/ses-01/anatomical_pipeline/parcellation_stage/NativeFreesurfer_parcellation/csf_eroded.nii.gz
nipype/sub-01/ses-01/anatomical_pipeline/parcellation_stage/NativeFreesurfer_parcellation/csf_mask.nii.gz
nipype/sub-01/ses-01/anatomical_pipeline/parcellation_stage/NativeFreesurfer_parcellation/fsmask_1mm.nii.gz
nipype/sub-01/ses-01/anatomical_pipeline/parcellation_stage/NativeFreesurfer_parcellation/gmmask.nii.gz
nipype/sub-01/ses-01/anatomical_pipeline/parcellation_stage/NativeFreesurfer_parcellation/_inputs.pklz
nipype/sub-01/ses-01/anatomical_pipeline/parcellation_stage/NativeFreesurfer_parcellation/_node.pklz
nipype/sub-01/ses-01/anatomical_pipeline/parcellation_stage/NativeFreesurfer_parcellation/_report/report.rst
nipype/sub-01/ses-01/anatomical_pipeline/parcellation_stage/NativeFreesurfer_parcellation/result_NativeFreesurfer_parcellation.pklz
nipype/sub-01/ses-01/anatomical_pipeline/parcellation_stage/NativeFreesurfer_parcellation/ribbon.nii.gz
nipype/sub-01/ses-01/anatomical_pipeline/parcellation_stage/NativeFreesurfer_parcellation/ROIv_HR_th_freesurferaparc.nii.gz
nipype/sub-01/ses-01/anatomical_pipeline/parcellation_stage/NativeFreesurfer_parcellation/T1.nii.gz
nipype/sub-01/ses-01/anatomical_pipeline/parcellation_stage/NativeFreesurfer_parcellation/wm_eroded.nii.gz
nipype/sub-01/ses-01/anatomical_pipeline/pypeline.log
nipype/sub-01/ses-01/anatomical_pipeline/segmentation_stage/copyOrig/_inputs.pklz
nipype/sub-01/ses-01/anatomical_pipeline/segmentation_stage/copyOrig/_node.pklz
nipype/sub-01/ses-01/anatomical_pipeline/segmentation_stage/copyOrig/_report/report.rst
nipype/sub-01/ses-01/anatomical_pipeline/segmentation_stage/copyOrig/result_copyOrig.pklz
nipype/sub-01/ses-01/anatomical_pipeline/segmentation_stage/mgzConvert/command.txt
nipype/sub-01/ses-01/anatomical_pipeline/segmentation_stage/mgzConvert/_inputs.pklz
nipype/sub-01/ses-01/anatomical_pipeline/segmentation_stage/mgzConvert/_node.pklz
nipype/sub-01/ses-01/anatomical_pipeline/segmentation_stage/mgzConvert/_report/report.rst
nipype/sub-01/ses-01/anatomical_pipeline/segmentation_stage/mgzConvert/result_mgzConvert.pklz
nipype/sub-01/ses-01/anatomical_pipeline/segmentation_stage/mgzConvert/T1.mgz
nipype/sub-01/ses-01/anatomical_pipeline/segmentation_stage/reconall/command.txt
nipype/sub-01/ses-01/anatomical_pipeline/segmentation_stage/reconall/_inputs.pklz
nipype/sub-01/ses-01/anatomical_pipeline/segmentation_stage/reconall/_node.pklz
nipype/sub-01/ses-01/anatomical_pipeline/segmentation_stage/reconall/_report/report.rst
nipype/sub-01/ses-01/anatomical_pipeline/segmentation_stage/reconall/result_reconall.pklz
